// Jest Snapshot v1, https://goo.gl/fbAQLP

exports[`render 1`] = `
<Provider
  store={
    Object {
      "@@observable": [Function],
      "dispatch": [Function],
      "getState": [Function],
      "replaceReducer": [Function],
      "subscribe": [Function],
    }
  }
>
  <Connect(App)
    auth={
      Object {
        "isLoggedIn": "T",
      }
    }
    job={
      Object {
        "desc": "test",
      }
    }
  >
    <App
      auth={
        Object {
          "error": null,
          "inProgress": false,
          "isLoggedIn": false,
          "user": Object {},
        }
      }
      dispatch={[Function]}
      job={Array []}
    >
      <BrowserRouter>
        <Router
          history={
            Object {
              "action": "POP",
              "block": [Function],
              "createHref": [Function],
              "go": [Function],
              "goBack": [Function],
              "goForward": [Function],
              "length": 1,
              "listen": [Function],
              "location": Object {
                "hash": "",
                "pathname": "/",
                "search": "",
                "state": undefined,
              },
              "push": [Function],
              "replace": [Function],
            }
          }
        >
          <div
            className="wrapper"
          >
            <ToastContainer
              autoClose={3000}
              closeButton={[Function]}
              closeOnClick={true}
              draggable={true}
              draggableDirection="x"
              draggablePercent={80}
              hideProgressBar={false}
              newestOnTop={false}
              pauseOnFocusLoss={true}
              pauseOnHover={true}
              position="top-right"
              role="alert"
              rtl={false}
              theme="light"
              transition={[Function]}
            >
              <div
                className="Toastify"
              />
            </ToastContainer>
            <Connect(Navbar)
              job={Array []}
            >
              <Navbar
                auth={
                  Object {
                    "error": null,
                    "inProgress": false,
                    "isLoggedIn": false,
                    "user": Object {},
                  }
                }
                dispatch={[Function]}
                job={Array []}
              >
                <nav
                  className="header"
                >
                  <div
                    className="header__left"
                    style={
                      Object {
                        "display": "flex",
                        "justifyContent": "space-evenly",
                      }
                    }
                  >
                    <Link
                      to="/"
                    >
                      <LinkAnchor
                        href="/"
                        navigate={[Function]}
                      >
                        <a
                          href="/"
                          onClick={[Function]}
                        >
                          <img
                            alt="logo"
                            src="/images/WhatsApp Image 2021-12-04 at 4.31.50 PM.jpeg"
                            style={
                              Object {
                                "height": "50px",
                              }
                            }
                          />
                        </a>
                      </LinkAnchor>
                    </Link>
                  </div>
                  <div
                    className="header__right"
                  >
                    <div
                      className="header__info"
                    >
                      <div
                        className="nav-links"
                      >
                        <ul>
                          <li>
                            <Link
                              style={
                                Object {
                                  "color": "gray",
                                  "fontWeight": "bolder",
                                  "marginLeft": "10px",
                                }
                              }
                              to="/login"
                            >
                              <LinkAnchor
                                href="/login"
                                navigate={[Function]}
                                style={
                                  Object {
                                    "color": "gray",
                                    "fontWeight": "bolder",
                                    "marginLeft": "10px",
                                  }
                                }
                              >
                                <a
                                  href="/login"
                                  onClick={[Function]}
                                  style={
                                    Object {
                                      "color": "gray",
                                      "fontWeight": "bolder",
                                      "marginLeft": "10px",
                                    }
                                  }
                                >
                                  Login
                                </a>
                              </LinkAnchor>
                            </Link>
                          </li>
                          <li>
                            <Link
                              style={
                                Object {
                                  "color": "gray",
                                  "fontWeight": "bolder",
                                  "marginLeft": "10px",
                                }
                              }
                              to="/signup"
                            >
                              <LinkAnchor
                                href="/signup"
                                navigate={[Function]}
                                style={
                                  Object {
                                    "color": "gray",
                                    "fontWeight": "bolder",
                                    "marginLeft": "10px",
                                  }
                                }
                              >
                                <a
                                  href="/signup"
                                  onClick={[Function]}
                                  style={
                                    Object {
                                      "color": "gray",
                                      "fontWeight": "bolder",
                                      "marginLeft": "10px",
                                    }
                                  }
                                >
                                  Register
                                </a>
                              </LinkAnchor>
                            </Link>
                          </li>
                        </ul>
                      </div>
                    </div>
                  </div>
                </nav>
              </Navbar>
            </Connect(Navbar)>
            <Switch>
              <Route
                computedMatch={
                  Object {
                    "isExact": true,
                    "params": Object {},
                    "path": "/",
                    "url": "/",
                  }
                }
                exact={true}
                location={
                  Object {
                    "hash": "",
                    "pathname": "/",
                    "search": "",
                    "state": undefined,
                  }
                }
                path="/"
                render={[Function]}
              >
                <Connect(Home)
                  history={
                    Object {
                      "action": "POP",
                      "block": [Function],
                      "createHref": [Function],
                      "go": [Function],
                      "goBack": [Function],
                      "goForward": [Function],
                      "length": 1,
                      "listen": [Function],
                      "location": Object {
                        "hash": "",
                        "pathname": "/",
                        "search": "",
                        "state": undefined,
                      },
                      "push": [Function],
                      "replace": [Function],
                    }
                  }
                  job={Array []}
                  location={
                    Object {
                      "hash": "",
                      "pathname": "/",
                      "search": "",
                      "state": undefined,
                    }
                  }
                  match={
                    Object {
                      "isExact": true,
                      "params": Object {},
                      "path": "/",
                      "url": "/",
                    }
                  }
                >
                  <Home
                    auth={
                      Object {
                        "error": null,
                        "inProgress": false,
                        "isLoggedIn": false,
                        "user": Object {},
                      }
                    }
                    dispatch={[Function]}
                    history={
                      Object {
                        "action": "POP",
                        "block": [Function],
                        "createHref": [Function],
                        "go": [Function],
                        "goBack": [Function],
                        "goForward": [Function],
                        "length": 1,
                        "listen": [Function],
                        "location": Object {
                          "hash": "",
                          "pathname": "/",
                          "search": "",
                          "state": undefined,
                        },
                        "push": [Function],
                        "replace": [Function],
                      }
                    }
                    job={Array []}
                    location={
                      Object {
                        "hash": "",
                        "pathname": "/",
                        "search": "",
                        "state": undefined,
                      }
                    }
                    match={
                      Object {
                        "isExact": true,
                        "params": Object {},
                        "path": "/",
                        "url": "/",
                      }
                    }
                    search={
                      Object {
                        "results": Array [],
                      }
                    }
                  >
                    <div
                      className="home-container"
                    >
                      <div
                        className="container"
                      >
                        <div
                          className="graf-bg-container"
                        >
                          <div
                            className="graf-layout"
                          >
                            <div
                              className="graf-circle"
                            />
                            <div
                              className="graf-circle"
                            />
                            <div
                              className="graf-circle"
                            />
                            <div
                              className="graf-circle"
                            />
                            <div
                              className="graf-circle"
                            />
                            <div
                              className="graf-circle"
                            />
                            <div
                              className="graf-circle"
                            />
                            <div
                              className="graf-circle"
                            />
                            <div
                              className="graf-circle"
                            />
                            <div
                              className="graf-circle"
                            />
                            <div
                              className="graf-circle"
                            />
                          </div>
                        </div>
                        <br />
                        <b
                          className="home-subtitle"
                        >
                          America loses up to 218 BILLION dollars from wasted food
                        </b>
                        <br />
                        <b
                          className="home-subtitle"
                        >
                          Restaurants in the United States are wasting 22 to 33 BILLION pounds of food a year
                        </b>
                        <b
                          className="home-ref"
                        >
                          [1]
                        </b>
                        <br />
                        <h2
                          className="home-subtitle"
                        >
                          Let's change that!
                        </h2>
                        <h1
                          className="home-title"
                        >
                          86 No More: A Kitchen Intelligence System
                        </h1>
                        <b
                          className="home-ref"
                        >
                          [1] Gunders, Dana. “Wasted: How America is Losing Up to 40 Percent of Its Food from Farm to Fork to Landfill.” Natural Resources Defense Council, 2017. Retrieved September 27, 2021, from https://www.nrdc.org /sites/default/files/wasted-2017-report.pdf
                        </b>
                      </div>
                    </div>
                  </Home>
                </Connect(Home)>
              </Route>
            </Switch>
          </div>
        </Router>
      </BrowserRouter>
    </App>
  </Connect(App)>
</Provider>
`;
