// Jest Snapshot v1, https://goo.gl/fbAQLP

exports[`createJob 1`] = `<createJob />`;

exports[`render 1`] = `
<Provider
  store={
    Object {
      "@@observable": [Function],
      "dispatch": [Function],
      "getState": [Function],
      "replaceReducer": [Function],
      "subscribe": [Function],
    }
  }
>
  <Connect(Home)
    job={
      Array [
        Object {
          "_id": 1,
          "description": "test",
          "location": "test",
          "managerid": "test",
          "name": "test",
          "pay": "test",
          "schedule": "test",
          "status": "0",
        },
      ]
    }
    search={
      Object {
        "results": Array [],
      }
    }
  >
    <Home
      auth={
        Object {
          "error": null,
          "inProgress": false,
          "isLoggedIn": false,
          "user": Object {},
        }
      }
      dispatch={[Function]}
      job={
        Array [
          Object {
            "_id": 1,
            "description": "test",
            "location": "test",
            "managerid": "test",
            "name": "test",
            "pay": "test",
            "schedule": "test",
            "status": "0",
          },
        ]
      }
      search={
        Object {
          "results": Array [],
        }
      }
    >
      <div
        className="home-container"
      >
        <div
          className="container"
        >
          <div
            className="graf-bg-container"
          >
            <div
              className="graf-layout"
            >
              <div
                className="graf-circle"
              />
              <div
                className="graf-circle"
              />
              <div
                className="graf-circle"
              />
              <div
                className="graf-circle"
              />
              <div
                className="graf-circle"
              />
              <div
                className="graf-circle"
              />
              <div
                className="graf-circle"
              />
              <div
                className="graf-circle"
              />
              <div
                className="graf-circle"
              />
              <div
                className="graf-circle"
              />
              <div
                className="graf-circle"
              />
            </div>
          </div>
          <br />
          <b
            className="home-subtitle"
          >
            America loses up to 218 BILLION dollars from wasted food
          </b>
          <br />
          <b
            className="home-subtitle"
          >
            Restaurants in the United States are wasting 22 to 33 BILLION pounds of food a year
          </b>
          <b
            className="home-ref"
          >
            [1]
          </b>
          <br />
          <h2
            className="home-subtitle"
          >
            Let's change that!
          </h2>
          <h1
            className="home-title"
          >
            86 No More: A Kitchen Intelligence System
          </h1>
          <b
            className="home-ref"
          >
            [1] Gunders, Dana. “Wasted: How America is Losing Up to 40 Percent of Its Food from Farm to Fork to Landfill.” Natural Resources Defense Council, 2017. Retrieved September 27, 2021, from https://www.nrdc.org /sites/default/files/wasted-2017-report.pdf
          </b>
        </div>
      </div>
    </Home>
  </Connect(Home)>
</Provider>
`;
