// Jest Snapshot v1, https://goo.gl/fbAQLP

exports[`navbar 1`] = `
<ContextProvider
  value={
    Object {
      "store": Object {
        "@@observable": [Function],
        "dispatch": [Function],
        "getState": [Function],
        "replaceReducer": [Function],
        "subscribe": [Function],
      },
      "subscription": Object {
        "addNestedSub": [Function],
        "getListeners": [Function],
        "handleChangeWrapper": [Function],
        "isSubscribed": [Function],
        "notifyNestedSubs": [Function],
        "onStateChange": [Function],
        "trySubscribe": [Function],
        "tryUnsubscribe": [Function],
      },
    }
  }
>
  <Connect(Navbar)
    auth={
      Object {
        "isLoggedIn": "test",
      }
    }
    user={
      Object {
        "name": "test",
        "role": "test",
      }
    }
  />
</ContextProvider>
`;
