// Jest Snapshot v1, https://goo.gl/fbAQLP

exports[`error404 1`] = `
<div>
  <h1>
    404: Nothing found here!
  </h1>
</div>
`;
